// Jest Snapshot v1, https://goo.gl/fbAQLP

exports[`examples/hook-effect renders count 1`] = `
<div>
  <h1>
    Count: 
    0
  </h1>
</div>
`;
