// Jest Snapshot v1, https://goo.gl/fbAQLP

exports[`examples/hook-reducer renders count 1`] = `
<div>
  <h1>
    Count: 
    0
  </h1>
  <div>
    <button
      onClick={[Function]}
    >
      +1
    </button>
    <button
      onClick={[Function]}
    >
      -1
    </button>
  </div>
</div>
`;
